11-29 15:40:27.244 24295 24340 W InteractionJankMonitor: Initializing without READ_DEVICE_CONFIG permission. enabled=false, interval=1, missedFrameThreshold=3, frameTimeThreshold=64, package=com.example.lab6_lab5_rimantek
11-29 15:40:27.251 12373 12373 W InputContextProxy: InputContextProxy.applyClientDiffInternal():933 Ignore [FetchSuggestions] diff due to stale request: 2952<2954, inputStateId=2386, lastInputStateId=2387
11-29 15:40:27.272 12373 12373 I ProactiveSuggestionsHolderManager: ProactiveSuggestionsHolderManager$2.display():226 Requesting to show proactive suggestions: CLIPBOARD PREEMPTIVE in HEADER
11-29 15:40:27.272 12373 12373 I ProactiveSuggestionsHolderManager: ProactiveSuggestionsHolderManager$2.display():245 suggestions CLIPBOARD are pending to show on HEADER
11-29 15:40:27.272 12373 12373 I ProactiveSuggestionsHolderManager: ProactiveSuggestionsHolderManager$2.display():226 Requesting to show proactive suggestions: CLIPBOARD PREEMPTIVE in FLOATING_CANDIDATES
11-29 15:40:27.276 12373 12373 I ProactiveSuggestionsHolderManager: ProactiveSuggestionsHolderManager$2.display():226 Requesting to show proactive suggestions: CLIPBOARD PREEMPTIVE in WIDGET
11-29 15:40:27.276 12373 12373 I ProactiveSuggestionsHolderManager: ProactiveSuggestionsHolderManager$2.display():245 suggestions CLIPBOARD are pending to show on WIDGET
11-29 15:40:27.281 12373 12373 W TooltipLifecycleManager: TooltipLifecycleManager.dismissTooltips():153 Tooltip with id SUGGESTION_VIEW_EDU_MINI_DIALOG not found in tooltipManager.
11-29 15:40:27.288 12373 12440 I native  : I0000 00:00:1764423627.288434   12440 input-context-store.cc:340] Ignoring stale client request for FetchSuggestions
11-29 15:40:27.300 12373 12373 W InputContextProxy: InputContextProxy.applyClientDiffInternal():933 Ignore [FetchSuggestions] diff due to stale request: 2954<2956, inputStateId=2388, lastInputStateId=2388
11-29 15:40:27.370 24295 24295 I ViewInteraction: Performing 'close keyboard' action on view view.getId() is <2131230899/com.example.lab6_lab5_rimantek:id/editFilter>
11-29 15:40:27.375 24295 24295 D IdlingRegistry: Registering idling resources: [androidx.test.espresso.action.CloseKeyboardAction$CloseKeyboardIdlingResult@3d8ede4]
11-29 15:40:27.376 24295 24295 I ImeTracker: com.example.lab6_lab5_rimantek:1e7c1ecc: onRequestHide at ORIGIN_CLIENT reason HIDE_SOFT_INPUT fromUser false
11-29 15:40:27.377 24295 24295 D WindowOnBackDispatcher: setTopOnBackInvokedCallback (unwrapped): android.app.Activity$$ExternalSyntheticLambda0@fbfc855
11-29 15:40:27.378 24295 24295 I ImeTracker: com.example.lab6_lab5_rimantek:e69677f1: onCancelled at PHASE_CLIENT_ANIMATION_CANCEL
11-29 15:40:27.384 24295 24295 D CompatChangeReporter: Compat change id reported: 395521150; UID 10234; state: ENABLED
11-29 15:40:27.604   831  1641 I ImeTracker: system_server:e37194eb: onRequestHide at ORIGIN_SERVER reason IME_REQUESTED_CHANGED_LISTENER fromUser false
11-29 15:40:27.611 12373 12373 I GoogleInputMethodService: GoogleInputMethodService.onFinishInputView():1570 onFinishInputView(false)
11-29 15:40:27.611 12373 12373 I GlobeKeyExtension: GlobeKeyExtension.onDeactivate():144
11-29 15:40:27.616 12373 12373 I VoiceInputManagerWrapper: VoiceInputManagerWrapper.shutdown():131 shutdown()
11-29 15:40:27.616 12373 12373 W ExtensionWrapper: ExtensionWrapper.setAllowUpdateNavigationBarStyle():820 class jte is not activate
11-29 15:40:27.619 12373 12373 W ExtensionWrapper: ExtensionWrapper.setAllowUpdateNavigationBarStyle():820 class jte is not activate
11-29 15:40:27.620 12373 12373 W TooltipLifecycleManager: TooltipLifecycleManager.dismissTooltips():153 Tooltip with id spell_check_add_to_dictionary not found in tooltipManager.
11-29 15:40:27.624 12373 12373 I InputBundle: InputBundle.consumeEvent():1033 Skip consuming an event as keyboard status is INACTIVE
11-29 15:40:27.627 12373 12373 I AndroidIME: AbstractIme.onDeactivate():216 LatinIme.onDeactivate()
11-29 15:40:27.627 12373 12437 W ModuleManager: ModuleManager.loadModule():572 Module ofi is not available
11-29 15:40:27.635   831   871 I ImeTracker: system_server:a33f7a22: onRequestShow at ORIGIN_SERVER reason CONTROLS_CHANGED fromUser false
11-29 15:40:27.638 24295 24295 I ImeTracker: system_server:a33f7a22: onCancelled at PHASE_CLIENT_ON_CONTROLS_CHANGED
11-29 15:40:27.640 12373 12373 I ImeTracker: system_server:e37194eb: onHidden
11-29 15:40:27.642 12373 12437 I OnDeviceWmrCalculator: OnDeviceWmrCalculator.calculateWmr():94 WMR: 0.0000 (0 / 1)
11-29 15:40:27.689 24295 24295 D IdlingRegistry: Unregistering idling resources: [androidx.test.espresso.action.CloseKeyboardAction$CloseKeyboardIdlingResult@3d8ede4]
11-29 15:40:27.697 24295 24295 I ViewInteraction: Performing 'load adapter data' action on view view.getId() is <2131230972/com.example.lab6_lab5_rimantek:id/listRates>
11-29 15:40:27.721 24295 24295 I ViewInteraction: Checking 'MatchesViewAssertion{viewMatcher=an instance of android.widget.TextView and view.getText() with or without transformation to match: is "EUR"}' assertion on view (view.getId() is <2131231185/com.example.lab6_lab5_rimantek:id/textCurrencyCode> and is descendant of a view matching  displaying data matching: ANYTHING within adapter view matching: view.getId() is <2131230972/com.example.lab6_lab5_rimantek:id/listRates>)
11-29 15:40:27.728   831  1640 V GrammaticalInflectionUtils: AttributionSource: android.content.AttributionSource@d2a11090 does not have READ_SYSTEM_GRAMMATICAL_GENDER permission.
11-29 15:40:27.737   654   794 I libbinder.BpBinder: onLastStrongRef automatically unlinking death recipients for descriptor: '(not cached)'
11-29 15:40:27.745  1299  1299 D RecentsView: onTaskDisplayChanged: 89, new displayId = 0
11-29 15:40:27.751 24295 24295 D LifecycleMonitor: Lifecycle status change: com.example.lab6_lab5_rimantek.MainActivity@f1f9189 in: PAUSED
11-29 15:40:27.752 24295 24295 V ActivityScenario: Update currentActivityStage to PAUSED, currentActivity=com.example.lab6_lab5_rimantek.MainActivity@f1f9189
11-29 15:40:27.754   831   870 V GrammaticalInflectionUtils: AttributionSource: android.content.AttributionSource@d2a11090 does not have READ_SYSTEM_GRAMMATICAL_GENDER permission.
11-29 15:40:27.759  1299  1299 D b/417220811: invalidateLoadedTasks - previous requestLoadId: -1
11-29 15:40:27.765   579   579 D Zygote  : Forked child process 24343
11-29 15:40:27.787 24343 24343 I Zygote  : Process 24343 created for com.example.lab6_lab5_rimantek.test
11-29 15:40:27.788 24343 24343 I 5_rimantek.test: Late-enabling -Xcheck:jni
11-29 15:40:27.817 24343 24343 I 5_rimantek.test: Using CollectorTypeCMC GC.
11-29 15:40:27.819 24343 24343 W 5_rimantek.test: Unexpected CPU variant for x86: x86_64.
11-29 15:40:27.819 24343 24343 W 5_rimantek.test: Known variants: atom, sandybridge, silvermont, goldmont, goldmont-plus, goldmont-without-sha-xsaves, tremont, kabylake, alderlake, default
11-29 15:40:27.828   662   690 I adbd    : jdwp connection from 24343
11-29 15:40:27.841 24343 24343 D nativeloader: Load libframework-connectivity-tiramisu-jni.so using APEX ns com_android_tethering for caller /apex/com.android.tethering/javalib/framework-connectivity-t.jar: ok
11-29 15:40:27.871  1299  1299 D b/417220811: invalidateLoadedTasks - previous requestLoadId: -1
11-29 15:40:27.894   831  1023 D InetDiagMessage: Destroyed 0 sockets, proto=IPPROTO_TCP, family=AF_INET, states=14
11-29 15:40:27.895   831  1023 D InetDiagMessage: Destroyed 0 sockets, proto=IPPROTO_TCP, family=AF_INET6, states=14
11-29 15:40:27.896   831  1023 D InetDiagMessage: Destroyed live tcp sockets for uids={10148} in 1ms
11-29 15:40:27.896   831  1023 D InetDiagMessage: Destroyed 0 sockets, proto=IPPROTO_TCP, family=AF_INET, states=14
11-29 15:40:27.898   831  1023 D InetDiagMessage: Destroyed 0 sockets, proto=IPPROTO_TCP, family=AF_INET6, states=14
11-29 15:40:27.898   831  1023 D InetDiagMessage: Destroyed live tcp sockets for uids={20148} in 2ms
11-29 15:40:27.907 24343 24343 D ApplicationLoaders: Returning zygote-cached class loader: /system/framework/android.test.base.jar
11-29 15:40:27.909 24343 24343 D nativeloader: Configuring clns-9 for other apk /system/framework/android.test.mock.jar. target_sdk_version=36, uses_libraries=ALL, library_path=/data/app/~~sV6_raI8p1dIFuTrmj6guA==/com.example.lab6_lab5_rimantek.test-TRxkMPEq9vA9yd16goUn_A==/lib/x86_64, permitted_path=/data:/mnt/expand:/data/user/0/com.example.lab6_lab5_rimantek.test
11-29 15:40:27.910 24343 24343 D ApplicationLoaders: Returning zygote-cached class loader: /system/framework/android.test.base.jar
11-29 15:40:27.913 24343 24343 D nativeloader: Configuring clns-10 for other apk /system/framework/android.test.runner.jar. target_sdk_version=36, uses_libraries=ALL, library_path=/data/app/~~sV6_raI8p1dIFuTrmj6guA==/com.example.lab6_lab5_rimantek.test-TRxkMPEq9vA9yd16goUn_A==/lib/x86_64, permitted_path=/data:/mnt/expand:/data/user/0/com.example.lab6_lab5_rimantek.test
11-29 15:40:27.932 24343 24343 D nativeloader: Configuring clns-11 for other apk /data/app/~~sV6_raI8p1dIFuTrmj6guA==/com.example.lab6_lab5_rimantek.test-TRxkMPEq9vA9yd16goUn_A==/base.apk. target_sdk_version=36, uses_libraries=, library_path=/data/app/~~sV6_raI8p1dIFuTrmj6guA==/com.example.lab6_lab5_rimantek.test-TRxkMPEq9vA9yd16goUn_A==/lib/x86_64, permitted_path=/data:/mnt/expand:/data/user/0/com.example.lab6_lab5_rimantek.test
11-29 15:40:27.941  1299  1299 D b/417220811: invalidateLoadedTasks - previous requestLoadId: -1
11-29 15:40:27.951   831   871 I ImeTracker: system_server:a1fc044b: onRequestShow at ORIGIN_SERVER reason CONTROLS_CHANGED fromUser false
11-29 15:40:27.955 24295 24295 I ImeTracker: system_server:a1fc044b: onCancelled at PHASE_CLIENT_ON_CONTROLS_CHANGED
11-29 15:40:27.955 24343 24343 V GraphicsEnvironment: Currently set values for:
11-29 15:40:27.956 24343 24343 V GraphicsEnvironment:   angle_gl_driver_selection_pkgs=[]
11-29 15:40:27.956 24343 24343 V GraphicsEnvironment:   angle_gl_driver_selection_values=[]
11-29 15:40:27.956 24343 24343 V GraphicsEnvironment: com.example.lab6_lab5_rimantek.test is not listed in per-application setting
11-29 15:40:27.956 24343 24343 V GraphicsEnvironment: ANGLE allowlist from config: com.dreamgames.royalmatch com.dts.freefiremax com.dxx.firenow com.gramgames.mergedragons com.ludo.king com.mojang.minecraftpe com.my.defense com.nintendo.zaka com.os.airforce com.playrix.fishdomdd.gplay io.teslatech.callbreak jp.konami.prospia net.peakgames.toonblast
11-29 15:40:27.956 24343 24343 V GraphicsEnvironment: com.example.lab6_lab5_rimantek.test is not listed in ANGLE allowlist or settings, returning default
11-29 15:40:27.959 24343 24343 V GraphicsEnvironment: Neither updatable production driver nor prerelease driver is supported.
11-29 15:40:28.008 24343 24343 E ashmem  : Pinning is deprecated since Android Q. Please use trim or other methods.
11-29 15:40:28.039 24343 24343 D CompatChangeReporter: Compat change id reported: 377864165; UID 10235; state: ENABLED
11-29 15:40:28.039 24343 24343 D DesktopExperienceFlags: Toggle override initialized to: false
11-29 15:40:28.040 24343 24343 D DesktopModeFlags: Toggle override initialized to: OVERRIDE_UNSET
11-29 15:40:28.094 24343 24358 I GFXSTREAM: [eglDisplay.cpp(297)] Opening libGLESv1_CM_emulation.so
11-29 15:40:28.097 24343 24358 I GFXSTREAM: [eglDisplay.cpp(297)] Opening libGLESv2_emulation.so
11-29 15:40:28.111 24343 24358 W HWUI    : Failed to choose config with EGL_SWAP_BEHAVIOR_PRESERVED, retrying without...
11-29 15:40:28.111 24343 24358 W HWUI    : Failed to initialize 101010-2 format, error = EGL_SUCCESS
11-29 15:40:28.117 24343 24343 W HWUI    : Unknown dataspace 0
11-29 15:40:28.208   831  1653 I ImeTracker: system_server:97c59020: onRequestHide at ORIGIN_SERVER reason IME_REQUESTED_CHANGED_LISTENER fromUser false
11-29 15:40:28.210   831   870 I ImeTracker: system_server:97c59020: onCancelled at PHASE_SERVER_SHOULD_HIDE
11-29 15:40:28.232   654   677 I libbinder.BpBinder: onLastStrongRef automatically unlinking death recipients for descriptor: '(not cached)'
11-29 15:40:28.238  1299  1299 D b/417220811: invalidateLoadedTasks - previous requestLoadId: -1
11-29 15:40:28.238 24343 24343 D WindowOnBackDispatcher: setTopOnBackInvokedCallback (unwrapped): android.app.Activity$$ExternalSyntheticLambda0@5521abf
11-29 15:40:28.239 24343 24343 D VRI[InstrumentationActivityInvoker$EmptyActivity]: WindowInsets changed: 1080x2400 statusBars:[0,63,0,0] navigationBars:[0,0,0,63] mandatorySystemGestures:[0,63,0,84]
11-29 15:40:28.252   654   677 W libbinder.ServiceManagerCppClient: Permission failure: android.permission.ACCESS_SURFACE_FLINGER from uid=10235 pid=24343
11-29 15:40:28.252   654   677 D libbinder.PermissionCache: checking android.permission.ACCESS_SURFACE_FLINGER for uid=10235 => denied (233 us)
11-29 15:40:28.252   654  1390 W libbinder.ServiceManagerCppClient: Permission failure: android.permission.ACCESS_SURFACE_FLINGER from uid=10235 pid=0
11-29 15:40:28.252   654  1390 D libbinder.PermissionCache: checking android.permission.ACCESS_SURFACE_FLINGER for uid=10235 => denied (1073 us)
11-29 15:40:28.254   654   677 W libbinder.ServiceManagerCppClient: Permission failure: android.permission.ROTATE_SURFACE_FLINGER from uid=10235 pid=24343
11-29 15:40:28.254   654   677 D libbinder.PermissionCache: checking android.permission.ROTATE_SURFACE_FLINGER for uid=10235 => denied (2384 us)
11-29 15:40:28.255   654  1390 W libbinder.ServiceManagerCppClient: Permission failure: android.permission.ROTATE_SURFACE_FLINGER from uid=10235 pid=0
11-29 15:40:28.255   654  1390 D libbinder.PermissionCache: checking android.permission.ROTATE_SURFACE_FLINGER for uid=10235 => denied (2383 us)
11-29 15:40:28.256   654   677 W libbinder.ServiceManagerCppClient: Permission failure: android.permission.INTERNAL_SYSTEM_WINDOW from uid=10235 pid=24343
11-29 15:40:28.256   654   677 D libbinder.PermissionCache: checking android.permission.INTERNAL_SYSTEM_WINDOW for uid=10235 => denied (1588 us)
11-29 15:40:28.256   654  1390 W libbinder.ServiceManagerCppClient: Permission failure: android.permission.INTERNAL_SYSTEM_WINDOW from uid=10235 pid=0
11-29 15:40:28.257   654  1390 D libbinder.PermissionCache: checking android.permission.INTERNAL_SYSTEM_WINDOW for uid=10235 => denied (2446 us)
11-29 15:40:28.356   831  1653 W libbinder.ServiceManagerCppClient: Permission failure: android.permission.ACCESS_SURFACE_FLINGER from uid=10235 pid=0
11-29 15:40:28.356   831  1653 D libbinder.PermissionCache: checking android.permission.ACCESS_SURFACE_FLINGER for uid=10235 => denied (2116 us)
11-29 15:40:28.357   831  1653 W libbinder.ServiceManagerCppClient: Permission failure: android.permission.ROTATE_SURFACE_FLINGER from uid=10235 pid=0
11-29 15:40:28.357   831  1653 D libbinder.PermissionCache: checking android.permission.ROTATE_SURFACE_FLINGER for uid=10235 => denied (121 us)
11-29 15:40:28.357   831  1653 W libbinder.ServiceManagerCppClient: Permission failure: android.permission.INTERNAL_SYSTEM_WINDOW from uid=10235 pid=0
11-29 15:40:28.357   831  1653 D libbinder.PermissionCache: checking android.permission.INTERNAL_SYSTEM_WINDOW for uid=10235 => denied (92 us)
11-29 15:40:28.363  1299  1299 D ViewRootImpl: Skipping stats log for color mode
11-29 15:40:28.365  1299  1299 D BaseActivity: Launcher flags updated: [state_started] +[state_started]
11-29 15:40:28.373  1299  1299 D BaseActivity: Launcher flags updated: [state_started|state_resumed|state_user_active] +[state_resumed|state_user_active]
11-29 15:40:28.377  1299  1299 D NexusLauncherModelDelegate: notifySmartspaceEvent: SmartspaceTargetEvent{mSmartspaceTarget=null, mSmartspaceActionId='null', mEventType=6}
11-29 15:40:28.392  1299  1299 D BaseDepthController: setSurface:
11-29 15:40:28.392  1299  1299 D BaseDepthController: 	mWaitingOnSurfaceValidity: false
11-29 15:40:28.392  1299  1299 D BaseDepthController: 	mBaseSurface: Surface(name=com.google.android.apps.nexuslauncher/com.google.android.apps.nexuslauncher.NexusLauncherActivity#2790)/@0x1ef6e8e
11-29 15:40:28.392  1299  1299 V BaseDepthController: Applying blur: 0 to Surface(name=com.google.android.apps.nexuslauncher/com.google.android.apps.nexuslauncher.NexusLauncherActivity#2790)/@0x1ef6e8e applyImmediately: false
11-29 15:40:28.393  1299  1299 D BaseDepthController: shouldBlurWorkspace: false targetState: Normal currentStableState: Normal mCurrentBlur: 0 mLauncher.getDepthBlurTargets(): [com.android.launcher3.Workspace{67586af V.ED..... .......D 0,0-1080,2400 #7f0a049a app:id/workspace}, com.android.launcher3.Hotseat{96ddabc V.ED..... .......D 0,1905-1080,2400 #7f0a01ed app:id/hotseat}]
11-29 15:40:28.405  1133  1439 D WallpaperService: onVisibilityChanged(true): com.android.systemui.wallpapers.ImageWallpaper$CanvasEngine@70ae075
11-29 15:40:28.479 24295 24295 D VRI[MainActivity]: visibilityChanged oldVisibility=true newVisibility=false
11-29 15:40:28.484  1299  1299 D BaseActivity: Launcher flags updated: [state_started|state_resumed|state_deferred_resumed|state_user_active] +[state_deferred_resumed]
11-29 15:40:28.484  1299  1299 D StatsLog: LAUNCHER_ONRESUME
11-29 15:40:28.489  1299  1299 D b/417220811: invalidateLoadedTasks - previous requestLoadId: -1
11-29 15:40:28.497  1299  1349 D QuickstepModelDelegate: notifyAppTargetEvent action=1 launchLocation=workspace/0/[-1,-1]/[1,1]
11-29 15:40:28.515  1664  1874 I AiAiEcho: Predicting[0]:  [CONTEXT sampling_count=5 ]
11-29 15:40:28.515  1664  1874 I AiAiEcho: EchoTargets:
11-29 15:40:28.515  1664  1874 I AiAiEcho: Filtered by AiAi flag check:
11-29 15:40:28.515  1664  1874 I AiAiEcho: [CONTEXT ratelimit_period="10 SECONDS" ]
11-29 15:40:28.516  1299  1299 D StateManager: createAtomicAnimation - fromState: Background, toState: Normal, partial trace:
11-29 15:40:28.516  1299  1299 D StateManager: 	at com.android.quickstep.util.WorkspaceRevealAnim.prepareToAnimate(go/retraceme f71359c1d0b85a0dd17763d555661201cd80030d766df1ac8ddda60516fd4cfd:20)
11-29 15:40:28.516  1299  1299 D StateManager: 	at com.android.quickstep.util.WorkspaceRevealAnim.<init>(go/retraceme f71359c1d0b85a0dd17763d555661201cd80030d766df1ac8ddda60516fd4cfd:11)
11-29 15:40:28.516  1299  1299 D StateManager: 	at com.android.launcher3.QuickstepTransitionManager.createWallpaperOpenAnimations(go/retraceme f71359c1d0b85a0dd17763d555661201cd80030d766df1ac8ddda60516fd4cfd:105)
11-29 15:40:28.516  1299  1299 D AllAppsTransitionController: shouldProtectHeader: false skipScrim: true state: Normal stateManager.getState(): Normal
11-29 15:40:28.517  1299  1299 D KeyboardInsetsHandler: removePendingImeController: pendingImeController=null
11-29 15:40:28.517  1299  1299 D b/311077782: LauncherAnimationRunner.setAnimation
11-29 15:40:28.548  1664  1874 I AiAiEcho: #remoteViewsTwiddler: feature disabled.
11-29 15:40:28.562  1664  1874 I AiAiEcho: #postPredictionTargets: Sending updates to UISurface home with targets# 0 (types=[])
11-29 15:40:28.576  1299  1299 D BaseActivity: Launcher flags updated: [state_started|state_resumed|state_deferred_resumed|state_window_focused|state_user_active] +[state_window_focused]
11-29 15:40:28.580   831   981 I ImeTracker: com.google.android.apps.nexuslauncher:5bace9: onRequestHide at ORIGIN_SERVER reason HIDE_UNSPECIFIED_WINDOW fromUser false
11-29 15:40:28.581  1299  1299 I ImeTracker: com.google.android.apps.nexuslauncher:5bace9: onCancelled at PHASE_CLIENT_ALREADY_HIDDEN
11-29 15:40:28.590 12373 12373 I GoogleInputMethodService: GoogleInputMethodService.onFinishInput():2084
11-29 15:40:28.590  1299  1299 D SsBaseTemplateCard: Passed-in item info is null
11-29 15:40:28.590  1299  1299 D SsBaseTemplateCard: Passed-in item info is null
11-29 15:40:28.590  1299  1299 D SsBaseTemplateCard: Passed-in item info is null
11-29 15:40:28.590  1299  1299 D SsBaseTemplateCard: Passed-in item info is null
11-29 15:40:28.590  1299  1299 I SsBaseTemplateCard: Secondary card pane is null
11-29 15:40:28.590 24295 24295 I AutofillManager: onInvisibleForAutofill(): expiringResponse
11-29 15:40:28.591 24295 24295 D LifecycleMonitor: Lifecycle status change: com.example.lab6_lab5_rimantek.MainActivity@f1f9189 in: STOPPED
11-29 15:40:28.591 24295 24295 V ActivityScenario: Update currentActivityStage to STOPPED, currentActivity=com.example.lab6_lab5_rimantek.MainActivity@f1f9189
11-29 15:40:28.591 12373 12373 I Module  : DeviceLockedStatusModuleProvider$Module.updateDeviceLockedStatus():103 repeatCheckTimes = 0, locked = false
11-29 15:40:28.596   831  1641 I ImeTracker: system_server:d84089f2: onRequestHide at ORIGIN_SERVER reason IME_REQUESTED_CHANGED_LISTENER fromUser false
11-29 15:40:28.599 12373 12373 I GoogleInputMethodService: GoogleInputMethodService.onStartInput():1345 onStartInput(EditorInfo{EditorInfo{packageName=com.google.android.apps.nexuslauncher, inputType=0, inputTypeString=NULL, enableLearning=false, autoCorrection=false, autoComplete=false, imeOptions=0, privateImeOptions=null, actionName=UNSPECIFIED, actionLabel=null, initialSelStart=-1, initialSelEnd=-1, initialCapsMode=0, label=null, fieldId=0, fieldName=null, extras=null, hintText=null, hintLocales=[]}}, false)
11-29 15:40:28.603   831   870 I ImeTracker: system_server:d84089f2: onCancelled at PHASE_SERVER_SHOULD_HIDE
11-29 15:40:28.607 24295 24295 D WindowOnBackDispatcher: setTopOnBackInvokedCallback (unwrapped): null
11-29 15:40:28.611 12373 12373 I Module  : DeviceLockedStatusModuleProvider$Module.updateDeviceLockedStatus():103 repeatCheckTimes = 1, locked = false
11-29 15:40:28.612 24295 24295 D LifecycleMonitor: Lifecycle status change: com.example.lab6_lab5_rimantek.MainActivity@f1f9189 in: DESTROYED
11-29 15:40:28.613 24295 24295 V ActivityScenario: Update currentActivityStage to DESTROYED, currentActivity=null
11-29 15:40:28.620 12373 12373 I ShortcutsDataManager: AbstractContentDataManager.startImportContentTask():241 startImportContentTask()
11-29 15:40:28.620 24295 24311 I TestRunner: finished: typingFilter_filtersVisibleListItems(com.example.lab6_lab5_rimantek.MainActivityUiTest)
